127.0.0.1 - - [03/Dec/2024:11:03:18 +0900] "GET / HTTP/1.1" 404 807
127.0.0.1 - - [03/Dec/2024:11:19:02 +0900] "GET / HTTP/1.1" 404 807
0:0:0:0:0:0:0:1 - - [03/Dec/2024:11:20:16 +0900] "GET /jspStudy/welcome.jsp HTTP/1.1" 200 202
0:0:0:0:0:0:0:1 - - [03/Dec/2024:11:20:16 +0900] "GET /favicon.ico HTTP/1.1" 404 818
127.0.0.1 - - [03/Dec/2024:12:33:54 +0900] "GET / HTTP/1.1" 404 807
0:0:0:0:0:0:0:1 - - [03/Dec/2024:12:38:12 +0900] "GET /jspStudy/myFirstServlet HTTP/1.1" 200 -
0:0:0:0:0:0:0:1 - - [03/Dec/2024:12:51:57 +0900] "GET /jspStudy/myFirstServlet HTTP/1.1" 200 118
0:0:0:0:0:0:0:1 - - [03/Dec/2024:14:11:41 +0900] "GET /jspStudy/myFirstServlet HTTP/1.1" 200 118
0:0:0:0:0:0:0:1 - - [03/Dec/2024:14:11:50 +0900] "GET /jspStudy/myFirstServlet HTTP/1.1" 200 118
0:0:0:0:0:0:0:1 - - [03/Dec/2024:14:12:13 +0900] "GET /jspStudy/myFirstServlet HTTP/1.1" 200 120
127.0.0.1 - - [03/Dec/2024:14:28:25 +0900] "GET / HTTP/1.1" 404 807
0:0:0:0:0:0:0:1 - - [03/Dec/2024:14:33:56 +0900] "GET /jspStudy/myFirstServlet HTTP/1.1" 200 120
0:0:0:0:0:0:0:1 - - [03/Dec/2024:14:33:57 +0900] "GET /jspStudy/myFirstServlet HTTP/1.1" 200 120
0:0:0:0:0:0:0:1 - - [03/Dec/2024:14:33:58 +0900] "GET /jspStudy/myFirstServlet HTTP/1.1" 200 120
0:0:0:0:0:0:0:1 - - [03/Dec/2024:14:33:58 +0900] "GET /jspStudy/myFirstServlet HTTP/1.1" 200 120
0:0:0:0:0:0:0:1 - - [03/Dec/2024:14:33:58 +0900] "GET /jspStudy/myFirstServlet HTTP/1.1" 200 120
0:0:0:0:0:0:0:1 - - [03/Dec/2024:14:34:17 +0900] "GET /jspStudy/myFirstServlet HTTP/1.1" 200 120
0:0:0:0:0:0:0:1 - - [03/Dec/2024:14:46:17 +0900] "GET /jspStudy/bbs/write.html HTTP/1.1" 200 788
0:0:0:0:0:0:0:1 - - [03/Dec/2024:14:46:23 +0900] "POST /jspStudy/bbs/visitInsert HTTP/1.1" 404 839
0:0:0:0:0:0:0:1 - - [03/Dec/2024:14:49:03 +0900] "GET /jspStudy/bbs/write.html HTTP/1.1" 200 747
127.0.0.1 - - [03/Dec/2024:15:26:08 +0900] "GET / HTTP/1.1" 404 807
0:0:0:0:0:0:0:1 - - [03/Dec/2024:15:26:48 +0900] "GET /jspStudy/bbs/write.html HTTP/1.1" 304 -
127.0.0.1 - - [03/Dec/2024:15:28:47 +0900] "GET / HTTP/1.1" 404 807
0:0:0:0:0:0:0:1 - - [03/Dec/2024:15:30:55 +0900] "POST /jspStudy/bbs/visitInsert HTTP/1.1" 404 839
127.0.0.1 - - [03/Dec/2024:15:37:30 +0900] "GET / HTTP/1.1" 404 807
0:0:0:0:0:0:0:1 - - [03/Dec/2024:15:37:30 +0900] "POST /jspStudy/bbs/visitInsert HTTP/1.1" 404 839
0:0:0:0:0:0:0:1 - - [03/Dec/2024:15:37:33 +0900] "GET /jspStudy/bbs/write.html HTTP/1.1" 304 -
0:0:0:0:0:0:0:1 - - [03/Dec/2024:15:37:42 +0900] "POST /jspStudy/bbs/visitInsert HTTP/1.1" 404 839
127.0.0.1 - - [03/Dec/2024:15:38:43 +0900] "GET / HTTP/1.1" 404 807
0:0:0:0:0:0:0:1 - - [03/Dec/2024:15:38:46 +0900] "GET /jspStudy/bbs/write.html HTTP/1.1" 304 -
0:0:0:0:0:0:0:1 - - [03/Dec/2024:15:38:55 +0900] "POST /jspStudy/bbs/visitInsert HTTP/1.1" 404 839
127.0.0.1 - - [03/Dec/2024:15:42:18 +0900] "GET / HTTP/1.1" 404 807
0:0:0:0:0:0:0:1 - - [03/Dec/2024:15:42:24 +0900] "GET /jspStudy/bbs/write.html HTTP/1.1" 304 -
0:0:0:0:0:0:0:1 - - [03/Dec/2024:15:42:31 +0900] "POST /jspStudy/bbs/visitInsert HTTP/1.1" 404 839
127.0.0.1 - - [03/Dec/2024:15:43:18 +0900] "GET / HTTP/1.1" 404 807
0:0:0:0:0:0:0:1 - - [03/Dec/2024:15:43:23 +0900] "GET /jspStudy/bbs/write.html HTTP/1.1" 200 752
0:0:0:0:0:0:0:1 - - [03/Dec/2024:15:43:29 +0900] "POST /bbs/visitInsert HTTP/1.1" 404 826
127.0.0.1 - - [03/Dec/2024:15:47:37 +0900] "GET / HTTP/1.1" 404 807
0:0:0:0:0:0:0:1 - - [03/Dec/2024:15:47:40 +0900] "GET /jspStudy/bbs/write.html HTTP/1.1" 200 761
0:0:0:0:0:0:0:1 - - [03/Dec/2024:15:47:44 +0900] "POST /jspStudy/bbs/visitInsert HTTP/1.1" 404 839
127.0.0.1 - - [03/Dec/2024:15:50:39 +0900] "GET / HTTP/1.1" 404 807
0:0:0:0:0:0:0:1 - - [03/Dec/2024:15:50:44 +0900] "GET /jspStudy/bbs/write.html HTTP/1.1" 200 757
0:0:0:0:0:0:0:1 - - [03/Dec/2024:15:51:10 +0900] "GET /jspStudy/bbs/write.html HTTP/1.1" 304 -
0:0:0:0:0:0:0:1 - - [03/Dec/2024:15:51:15 +0900] "GET /jspStudy/bbs/write.html HTTP/1.1" 304 -
0:0:0:0:0:0:0:1 - - [03/Dec/2024:15:51:20 +0900] "POST /jspStudy/visitInsert HTTP/1.1" 200 -
127.0.0.1 - - [03/Dec/2024:15:53:08 +0900] "GET / HTTP/1.1" 404 807
0:0:0:0:0:0:0:1 - - [03/Dec/2024:15:53:22 +0900] "POST /jspStudy/visitInsert HTTP/1.1" 200 -
0:0:0:0:0:0:0:1 - - [03/Dec/2024:15:53:47 +0900] "POST /jspStudy/visitInsert HTTP/1.1" 302 -
0:0:0:0:0:0:0:1 - - [03/Dec/2024:15:53:47 +0900] "GET /jspStudy/visitList HTTP/1.1" 404 829
127.0.0.1 - - [03/Dec/2024:15:54:23 +0900] "GET / HTTP/1.1" 404 807
0:0:0:0:0:0:0:1 - - [03/Dec/2024:15:54:29 +0900] "GET /jspStudy/bbs/write.html HTTP/1.1" 304 -
0:0:0:0:0:0:0:1 - - [03/Dec/2024:15:54:38 +0900] "POST /jspStudy/visitInsert HTTP/1.1" 302 -
0:0:0:0:0:0:0:1 - - [03/Dec/2024:15:54:38 +0900] "GET /jspStudy/visitList HTTP/1.1" 404 829
0:0:0:0:0:0:0:1 - - [03/Dec/2024:15:58:39 +0900] "POST /jspStudy/visitInsert HTTP/1.1" 302 -
0:0:0:0:0:0:0:1 - - [03/Dec/2024:15:58:39 +0900] "GET /jspStudy/visitList HTTP/1.1" 404 829
127.0.0.1 - - [03/Dec/2024:16:32:36 +0900] "GET / HTTP/1.1" 404 807
0:0:0:0:0:0:0:1 - - [03/Dec/2024:16:32:36 +0900] "GET /jspStudy/bbs/write.html HTTP/1.1" 304 -
0:0:0:0:0:0:0:1 - - [03/Dec/2024:16:32:47 +0900] "POST /jspStudy/visitInsert HTTP/1.1" 302 -
0:0:0:0:0:0:0:1 - - [03/Dec/2024:16:32:49 +0900] "GET /jspStudy/visitList HTTP/1.1" 200 1721
127.0.0.1 - - [03/Dec/2024:17:04:59 +0900] "GET / HTTP/1.1" 404 807
0:0:0:0:0:0:0:1 - - [03/Dec/2024:17:05:29 +0900] "GET /jspStudy/member/member.html HTTP/1.1" 200 4529
127.0.0.1 - - [03/Dec/2024:17:13:16 +0900] "GET / HTTP/1.1" 404 807
0:0:0:0:0:0:0:1 - - [03/Dec/2024:17:13:16 +0900] "GET /jspStudy/member/member.html HTTP/1.1" 200 4574
0:0:0:0:0:0:0:1 - - [03/Dec/2024:17:13:16 +0900] "GET /jspStudy/member/member.css HTTP/1.1" 200 1191
0:0:0:0:0:0:0:1 - - [03/Dec/2024:17:14:31 +0900] "POST /jspStudy/memberInsert HTTP/1.1" 302 -
0:0:0:0:0:0:0:1 - - [03/Dec/2024:17:14:32 +0900] "GET /jspStudy/memberList HTTP/1.1" 200 403
127.0.0.1 - - [03/Dec/2024:17:16:49 +0900] "GET / HTTP/1.1" 404 807
0:0:0:0:0:0:0:1 - - [03/Dec/2024:17:16:59 +0900] "GET /jspStudy/memberList HTTP/1.1" 200 439
127.0.0.1 - - [03/Dec/2024:17:19:10 +0900] "GET / HTTP/1.1" 404 807
0:0:0:0:0:0:0:1 - - [03/Dec/2024:17:19:19 +0900] "GET /jspStudy/memberList HTTP/1.1" 200 401
0:0:0:0:0:0:0:1 - - [03/Dec/2024:17:19:29 +0900] "GET /jspStudy/member/member.html HTTP/1.1" 304 -
0:0:0:0:0:0:0:1 - - [03/Dec/2024:17:19:29 +0900] "GET /jspStudy/member/member.css HTTP/1.1" 304 -
0:0:0:0:0:0:0:1 - - [03/Dec/2024:17:21:08 +0900] "POST /jspStudy/memberInsert HTTP/1.1" 302 -
0:0:0:0:0:0:0:1 - - [03/Dec/2024:17:21:08 +0900] "GET /jspStudy/memberList HTTP/1.1" 200 513
0:0:0:0:0:0:0:1 - - [03/Dec/2024:17:21:30 +0900] "GET /jspStudy/member/member.html HTTP/1.1" 304 -
0:0:0:0:0:0:0:1 - - [03/Dec/2024:17:21:30 +0900] "GET /jspStudy/member/member.css HTTP/1.1" 304 -
127.0.0.1 - - [03/Dec/2024:17:42:47 +0900] "GET / HTTP/1.1" 404 807
0:0:0:0:0:0:0:1 - - [03/Dec/2024:17:42:51 +0900] "GET /jspStudy/member/member.html HTTP/1.1" 200 1448
0:0:0:0:0:0:0:1 - - [03/Dec/2024:17:42:51 +0900] "GET /jspStudy/member/member.css HTTP/1.1" 304 -
0:0:0:0:0:0:0:1 - - [03/Dec/2024:17:43:01 +0900] "POST /jspStudy/memberInsert HTTP/1.1" 200 -
0:0:0:0:0:0:0:1 - - [03/Dec/2024:17:43:03 +0900] "POST /jspStudy/memberInsert HTTP/1.1" 200 -
0:0:0:0:0:0:0:1 - - [03/Dec/2024:17:43:08 +0900] "POST /jspStudy/memberInsert HTTP/1.1" 200 -
127.0.0.1 - - [03/Dec/2024:17:43:51 +0900] "GET / HTTP/1.1" 404 807
0:0:0:0:0:0:0:1 - - [03/Dec/2024:17:44:03 +0900] "POST /jspStudy/memberInsert HTTP/1.1" 200 -
0:0:0:0:0:0:0:1 - - [03/Dec/2024:17:45:45 +0900] "GET /jspStudy/member/memberInsert HTTP/1.1" 404 843
0:0:0:0:0:0:0:1 - - [03/Dec/2024:17:45:56 +0900] "GET /jspStudy/memberInsert HTTP/1.1" 200 -
0:0:0:0:0:0:0:1 - - [03/Dec/2024:17:46:31 +0900] "GET /jspStudy/memberInsert HTTP/1.1" 200 -
127.0.0.1 - - [03/Dec/2024:17:46:46 +0900] "GET / HTTP/1.1" 404 807
0:0:0:0:0:0:0:1 - - [03/Dec/2024:17:46:53 +0900] "GET /jspStudy/memberInsert HTTP/1.1" 200 -
127.0.0.1 - - [03/Dec/2024:17:48:47 +0900] "GET / HTTP/1.1" 404 807
0:0:0:0:0:0:0:1 - - [03/Dec/2024:17:48:55 +0900] "GET /jspStudy/memberInsert HTTP/1.1" 200 -
127.0.0.1 - - [03/Dec/2024:17:53:19 +0900] "GET / HTTP/1.1" 404 807
127.0.0.1 - - [03/Dec/2024:17:56:25 +0900] "GET / HTTP/1.1" 404 807
0:0:0:0:0:0:0:1 - - [03/Dec/2024:17:56:27 +0900] "GET /jspStudy/memberInsert HTTP/1.1" 200 21
127.0.0.1 - - [03/Dec/2024:18:00:02 +0900] "GET / HTTP/1.1" 404 807
0:0:0:0:0:0:0:1 - - [03/Dec/2024:18:00:07 +0900] "GET /jspStudy/memberInsert HTTP/1.1" 200 21
0:0:0:0:0:0:0:1 - - [03/Dec/2024:18:03:28 +0900] "GET /jspStudy/memberInsert HTTP/1.1" 200 21
0:0:0:0:0:0:0:1 - - [03/Dec/2024:18:03:32 +0900] "GET /jspStudy/memberInsert HTTP/1.1" 200 21
0:0:0:0:0:0:0:1 - - [03/Dec/2024:18:03:32 +0900] "GET /jspStudy/memberInsert HTTP/1.1" 200 21
0:0:0:0:0:0:0:1 - - [03/Dec/2024:18:03:32 +0900] "GET /jspStudy/memberInsert HTTP/1.1" 200 21
0:0:0:0:0:0:0:1 - - [03/Dec/2024:18:03:32 +0900] "GET /jspStudy/memberInsert HTTP/1.1" 200 21
0:0:0:0:0:0:0:1 - - [03/Dec/2024:18:03:33 +0900] "GET /jspStudy/memberInsert HTTP/1.1" 200 21
0:0:0:0:0:0:0:1 - - [03/Dec/2024:18:05:44 +0900] "GET /jspStudy/memberInsert HTTP/1.1" 200 21
127.0.0.1 - - [03/Dec/2024:18:06:58 +0900] "GET / HTTP/1.1" 404 807
0:0:0:0:0:0:0:1 - - [03/Dec/2024:18:07:04 +0900] "GET /jspStudy/memberInsert HTTP/1.1" 200 21
127.0.0.1 - - [03/Dec/2024:20:20:54 +0900] "GET / HTTP/1.1" 404 807
0:0:0:0:0:0:0:1 - - [03/Dec/2024:20:20:58 +0900] "GET /jspStudy/memberInsert HTTP/1.1" 200 -
127.0.0.1 - - [03/Dec/2024:20:38:31 +0900] "GET / HTTP/1.1" 404 807
0:0:0:0:0:0:0:1 - - [03/Dec/2024:20:38:33 +0900] "GET /jspStudy/signupList HTTP/1.1" 500 3578
127.0.0.1 - - [03/Dec/2024:20:42:42 +0900] "GET / HTTP/1.1" 404 807
0:0:0:0:0:0:0:1 - - [03/Dec/2024:20:43:00 +0900] "GET /jspStudy/signup/signupList HTTP/1.1" 404 -
0:0:0:0:0:0:0:1 - - [03/Dec/2024:20:43:08 +0900] "GET /jspStudy/signupList HTTP/1.1" 500 3578
0:0:0:0:0:0:0:1 - - [03/Dec/2024:20:46:22 +0900] "GET /jspStudy/visitInsert HTTP/1.1" 200 -
127.0.0.1 - - [03/Dec/2024:21:06:31 +0900] "GET / HTTP/1.1" 404 807
